// Jest Snapshot v1, https://goo.gl/fbAQLP

exports[`App snapshots 1`] = `
<div
  className="page"
>
  <div
    className="interactions"
  >
    <form
      onSubmit={[Function]}
    >
      Search
       
      <input
        onChange={[Function]}
        type="text"
        value="redux"
      />
      <button
        type="submit"
      >
        Search
      </button>
    </form>
  </div>
  <div
    className="table"
  />
  <div
    className="interactions"
  >
    <button
      onClick={[Function]}
    >
      More
    </button>
  </div>
</div>
`;
